// Jest Snapshot v1, https://goo.gl/fbAQLP

exports[`Confirm snapshot 1`] = `Object {}`;
